
> @figma/my-make-file@0.0.1 dev
> vite --host 0.0.0.0


  [32m[1mVITE[22m v6.3.5[39m  [2mready in [0m[1m1630[22m[2m[0m ms[22m

  [32m➜[39m  [1mLocal[22m:   [36mhttp://localhost:[1m5173[22m/[39m
  [32m➜[39m  [1mNetwork[22m: [36mhttp://192.168.1.107:[1m5173[22m/[39m
[2m3:28:31 PM[22m [36m[1m[vite][22m[39m [90m[2m(client)[22m[39m [32mhmr update [39m[2m/src/app/components/RemoteMatchScreen.jsx, /src/styles/index.css[22m
[2m3:36:04 PM[22m [36m[1m[vite][22m[39m [90m[2m(client)[22m[39m [32mpage reload [39m[2mandroid/app/src/main/assets/public/index.html[22m
[2m3:36:04 PM[22m [36m[1m[vite][22m[39m [90m[2m(client)[22m[39m [32mpage reload [39m[2mandroid/app/src/main/assets/public/index.html[22m
[2m3:36:06 PM[22m [36m[1m[vite][22m[39m [90m[2m(client)[22m[39m [32mpage reload [39m[2mandroid/app/capacitor.build.gradle[22m
[2m3:36:06 PM[22m [36m[1m[vite][22m[39m [90m[2m(client)[22m[39m [32mpage reload [39m[2mandroid/capacitor.settings.gradle[22m
[2m3:36:32 PM[22m [36m[1m[vite][22m[39m [90m[2m(client)[22m[39m [32mpage reload [39m[2mandroid/.idea/misc.xml[22m
[2m3:40:26 PM[22m [36m[1m[vite][22m[39m [90m[2m(client)[22m[39m [32mpage reload [39m[2mandroid/app/build/intermediates/assets/debug/mergeDebugAssets/public/index.html[22m
[2m3:40:34 PM[22m [36m[1m[vite][22m[39m [90m[2m(client)[22m[39m [32mpage reload [39m[2mandroid/build/reports/problems/problems-report.html[22m
[2m3:45:34 PM[22m [36m[1m[vite][22m[39m [90m[2m(client)[22m[39m [32mhmr update [39m[2m/src/app/App.jsx, /src/styles/index.css, /src/app/components/AuthScreen.jsx, /src/app/components/ChallengeFriendScreen.jsx, /src/app/components/FriendsScreen.jsx, /src/app/components/ProfileScreen.jsx, /src/app/components/RemoteMatchScreen.jsx, /src/app/components/GamePlay.tsx[22m
[2m3:45:39 PM[22m [36m[1m[vite][22m[39m [90m[2m(client)[22m[39m [33mhmr invalidate [39m[2m/src/app/components/GamePlay.tsx[22m Could not Fast Refresh ("fetchQuestionsFromAI" export is incompatible). Learn more at https://github.com/vitejs/vite-plugin-react/tree/main/packages/plugin-react#consistent-components-exports
[2m3:45:39 PM[22m [36m[1m[vite][22m[39m [90m[2m(client)[22m[39m [32mhmr update [39m[2m/src/app/App.jsx, /src/styles/index.css[22m
[2m4:15:47 PM[22m [36m[1m[vite][22m[39m [90m[2m(client)[22m[39m [32mpage reload [39m[2mandroid/app/src/main/assets/public/index.html[22m
[2m4:15:48 PM[22m [36m[1m[vite][22m[39m [90m[2m(client)[22m[39m [32mpage reload [39m[2mandroid/app/src/main/assets/public/index.html[22m
[2m4:15:50 PM[22m [36m[1m[vite][22m[39m [90m[2m(client)[22m[39m [32mpage reload [39m[2mandroid/app/capacitor.build.gradle[22m
[2m4:15:50 PM[22m [36m[1m[vite][22m[39m [90m[2m(client)[22m[39m [32mpage reload [39m[2mandroid/capacitor.settings.gradle[22m
[2m4:17:56 PM[22m [36m[1m[vite][22m[39m [90m[2m(client)[22m[39m [32mpage reload [39m[2mandroid/app/build/intermediates/assets/debug/mergeDebugAssets/public/index.html[22m
[2m4:18:19 PM[22m [36m[1m[vite][22m[39m [90m[2m(client)[22m[39m [32mpage reload [39m[2mandroid/build/reports/problems/problems-report.html[22m
[2m4:18:19 PM[22m [36m[1m[vite][22m[39m [90m[2m(client)[22m[39m [32mpage reload [39m[2mandroid/build/reports/problems/problems-report.html[22m
[2m4:27:31 PM[22m [36m[1m[vite][22m[39m [90m[2m(client)[22m[39m [32mpage reload [39m[2mandroid/app/src/main/assets/public/index.html[22m
[2m4:27:32 PM[22m [36m[1m[vite][22m[39m [90m[2m(client)[22m[39m [32mpage reload [39m[2mandroid/app/src/main/assets/public/index.html[22m
[2m4:27:36 PM[22m [36m[1m[vite][22m[39m [90m[2m(client)[22m[39m [32mpage reload [39m[2mandroid/app/capacitor.build.gradle[22m
[2m4:27:36 PM[22m [36m[1m[vite][22m[39m [90m[2m(client)[22m[39m [32mpage reload [39m[2mandroid/capacitor.settings.gradle[22m
[2m4:31:52 PM[22m [36m[1m[vite][22m[39m [90m[2m(client)[22m[39m [32mpage reload [39m[2mandroid/capacitor.settings.gradle[22m
[2m4:31:52 PM[22m [36m[1m[vite][22m[39m [90m[2m(client)[22m[39m [32mpage reload [39m[2mandroid/app/capacitor.build.gradle[22m
[2m4:31:52 PM[22m [36m[1m[vite][22m[39m [90m[2m(client)[22m[39m [32mpage reload [39m[2mandroid/capacitor.settings.gradle[22m
[2m4:32:07 PM[22m [36m[1m[vite][22m[39m [90m[2m(client)[22m[39m [32mpage reload [39m[2mandroid/.idea/misc.xml[22m
[2m4:37:13 PM[22m [36m[1m[vite][22m[39m [90m[2m(client)[22m[39m [32mpage reload [39m[2mandroid/build/reports/problems/problems-report.html[22m
[2m4:42:48 PM[22m [36m[1m[vite][22m[39m [90m[2m(client)[22m[39m [32mhmr update [39m[2m/src/app/App.jsx, /src/styles/index.css, /src/app/components/AuthScreen.jsx, /src/app/components/ChallengeFriendScreen.jsx, /src/app/components/FriendsScreen.jsx, /src/app/components/ProfileScreen.jsx, /src/app/components/RemoteMatchScreen.jsx, /src/app/components/GamePlay.tsx[22m
[2m4:43:06 PM[22m [36m[1m[vite][22m[39m [90m[2m(client)[22m[39m [33mhmr invalidate [39m[2m/src/app/components/GamePlay.tsx[22m Could not Fast Refresh ("fetchQuestionsFromAI" export is incompatible). Learn more at https://github.com/vitejs/vite-plugin-react/tree/main/packages/plugin-react#consistent-components-exports
[2m4:43:06 PM[22m [36m[1m[vite][22m[39m [90m[2m(client)[22m[39m [32mhmr update [39m[2m/src/app/App.jsx, /src/styles/index.css[22m
[2m4:43:51 PM[22m [36m[1m[vite][22m[39m [90m[2m(client)[22m[39m [32mpage reload [39m[2mandroid/app/src/main/assets/public/index.html[22m
[2m4:43:51 PM[22m [36m[1m[vite][22m[39m [90m[2m(client)[22m[39m [32mpage reload [39m[2mandroid/app/src/main/assets/public/index.html[22m
[2m4:43:51 PM[22m [36m[1m[vite][22m[39m [90m[2m(client)[22m[39m [32mpage reload [39m[2mandroid/app/capacitor.build.gradle[22m
[2m4:43:51 PM[22m [36m[1m[vite][22m[39m [90m[2m(client)[22m[39m [32mpage reload [39m[2mandroid/capacitor.settings.gradle[22m
[2m4:44:12 PM[22m [36m[1m[vite][22m[39m [90m[2m(client)[22m[39m [32mpage reload [39m[2mandroid/app/build/intermediates/assets/debug/mergeDebugAssets/public/index.html[22m
[2m4:44:14 PM[22m [36m[1m[vite][22m[39m [90m[2m(client)[22m[39m [32mpage reload [39m[2mandroid/build/reports/problems/problems-report.html[22m
[2m4:44:14 PM[22m [36m[1m[vite][22m[39m [90m[2m(client)[22m[39m [32mpage reload [39m[2mandroid/build/reports/problems/problems-report.html[22m
[2m11:14:59 AM[22m [36m[1m[vite][22m[39m [90m[2m(client)[22m[39m [32mpage reload [39m[2mandroid/build/reports/problems/problems-report.html[22m
